== Abstract Syntax Tree ==
LogicalSink(name=[`default_catalog`.`default_database`.`MySink1`], fields=[first])
+- LogicalProject(first=[$0])
   +- LogicalTableScan(table=[[default_catalog, default_database, MyTable, source: [CsvTableSource(read fields: first, id, score, last)]]])

LogicalSink(name=[`default_catalog`.`default_database`.`MySink2`], fields=[last])
+- LogicalProject(last=[$3])
   +- LogicalTableScan(table=[[default_catalog, default_database, MyTable, source: [CsvTableSource(read fields: first, id, score, last)]]])

== Optimized Logical Plan ==
Sink(name=[`default_catalog`.`default_database`.`MySink1`], fields=[first])
+- TableSourceScan(table=[[default_catalog, default_database, MyTable, source: [CsvTableSource(read fields: first)]]], fields=[first])

Sink(name=[`default_catalog`.`default_database`.`MySink2`], fields=[last])
+- TableSourceScan(table=[[default_catalog, default_database, MyTable, source: [CsvTableSource(read fields: last)]]], fields=[last])

== Physical Execution Plan ==
Stage 1 : Data Source
	content : Source: Custom File source

	Stage 2 : Operator
		content : CsvTableSource(read fields: first)
		ship_strategy : REBALANCE

		Stage 3 : Operator
			content : SourceConversion(table=[default_catalog.default_database.MyTable, source: [CsvTableSource(read fields: first)]], fields=[first])
			ship_strategy : FORWARD

			Stage 4 : Operator
				content : SinkConversionToRow
				ship_strategy : FORWARD

				Stage 5 : Operator
					content : Map
					ship_strategy : REBALANCE

Stage 7 : Data Source
	content : Source: Custom File source

	Stage 8 : Operator
		content : CsvTableSource(read fields: last)
		ship_strategy : REBALANCE

		Stage 9 : Operator
			content : SourceConversion(table=[default_catalog.default_database.MyTable, source: [CsvTableSource(read fields: last)]], fields=[last])
			ship_strategy : FORWARD

			Stage 10 : Operator
				content : SinkConversionToRow
				ship_strategy : FORWARD

				Stage 11 : Operator
					content : Map
					ship_strategy : REBALANCE

					Stage 6 : Data Sink
						content : Sink: CsvTableSink(first)
						ship_strategy : FORWARD

						Stage 12 : Data Sink
							content : Sink: CsvTableSink(last)
							ship_strategy : FORWARD

