== Abstract Syntax Tree ==
LogicalSink(name=[`default_catalog`.`default_database`.`MySink3`], fields=[id])
+- LogicalProject(id=[$1])
   +- LogicalTableScan(table=[[default_catalog, default_database, MyTable, source: [CsvTableSource(read fields: first, id, score, last)]]])

== Optimized Logical Plan ==
Sink(name=[`default_catalog`.`default_database`.`MySink3`], fields=[id])
+- TableSourceScan(table=[[default_catalog, default_database, MyTable, source: [CsvTableSource(read fields: id)]]], fields=[id])

== Physical Execution Plan ==
Stage 1 : Data Source
	content : Source: Custom File source

	Stage 2 : Operator
		content : CsvTableSource(read fields: id)
		ship_strategy : REBALANCE

		Stage 3 : Operator
			content : SourceConversion(table=[default_catalog.default_database.MyTable, source: [CsvTableSource(read fields: id)]], fields=[id])
			ship_strategy : FORWARD

			Stage 4 : Operator
				content : SinkConversionToRow
				ship_strategy : FORWARD

				Stage 5 : Operator
					content : Map
					ship_strategy : REBALANCE

					Stage 6 : Data Sink
						content : Sink: CsvTableSink(id)
						ship_strategy : FORWARD

