== Abstract Syntax Tree ==
LogicalProject(first=[$0])
  EnumerableTableScan(table=[[default_catalog, default_database, MyTable]])

== Optimized Logical Plan ==
StreamTableSourceScan(table=[[default_catalog, default_database, MyTable]], fields=[first], source=[CsvTableSource(read fields: first)])

== Physical Execution Plan ==
 : Data Source
	content : collect elements with CollectionInputFormat

	 : Operator
		content : CsvTableSource(read fields: first)
		ship_strategy : REBALANCE

		 : Operator
			content : Map
			ship_strategy : FORWARD



== Abstract Syntax Tree ==
LogicalProject(last=[$3])
  EnumerableTableScan(table=[[default_catalog, default_database, MyTable]])

== Optimized Logical Plan ==
StreamTableSourceScan(table=[[default_catalog, default_database, MyTable]], fields=[last], source=[CsvTableSource(read fields: last)])

== Physical Execution Plan ==
 : Data Source
	content : collect elements with CollectionInputFormat

	 : Operator
		content : CsvTableSource(read fields: last)
		ship_strategy : REBALANCE

		 : Operator
			content : Map
			ship_strategy : FORWARD

